// Jest Snapshot v1, https://goo.gl/fbAQLP

exports[`Text formatting: It can load a document with super script on first line 1`] = `
Object {
  "content": Array [
    Object {
      "content": Array [
        Object {
          "marks": Array [
            Object {
              "attrs": Object {
                "type": "sup",
              },
              "type": "subsup",
            },
          ],
          "text": "Will not load",
          "type": "text",
        },
      ],
      "type": "paragraph",
    },
  ],
  "type": "doc",
}
`;
