// Jest Snapshot v1, https://goo.gl/fbAQLP

exports[`static asset rendering tests generator: icons match snapshots: archiveAttachment 1`] = `"iVBORw0KGgoAAAANSUhEUgAAABwAAAAcCAYAAAByDd+UAAAAAXNSR0IArs4c6QAAASZJREFUSIntljFOw0AQRd9fuASVfQFER5vkBqGPQw5gBBzAwpIjeiQfAFB6KOnitHShouQi7NBgrAQhGQsbCzHVfM3uPu2MvnYFMImzsdCpYEgLYVAYdrXIk3tN4mzs0F0boO3w2JETpF3AAARnTuigO6AGritYGbu1Vxo3XnZdSoeW7QJlL4s8KUo5jedNePS3pWYKopPLQaVfV1VRoUTwo0CJGeZnpb7NE5X5NM5S0EWdczpvaX9nuG2LKM4KkL3XQvTlzobAz7YYVLXap/S4pf+2qBv9naHHRmXuTLMonlevRRu22LRENhQ6/ij+CVtsWML7QN+4VSOgzBeVaAaD37CFYeuuYIatnHX4LzVId54el8/7h6M1sCcUtgOylcH5Ik8e3gBK7W24gH1MWQAAAABJRU5ErkJggg=="`;

exports[`static asset rendering tests generator: icons match snapshots: audioAttachment 1`] = `"iVBORw0KGgoAAAANSUhEUgAAABwAAAAcCAYAAAByDd+UAAAAAXNSR0IArs4c6QAAAWVJREFUSIndlsFNw0AQRd+swj0lpAO2A0wFOFKSa9wBlOASSAfhhgIS7gC7AjYdhA7MFZCHgw1SiG02iWwE/7aeP/NWO+PVCoDObIhyiRDQhZQUYSErl4jObAg8dALa1dgAcU8wUK4McNobUDgzvcEqDY7KVl4AV60cQk5BDjgMETA/HKhkaNXvARu5dZtW+8SCOQ4Yy71Lvf0N+js91NAOOZFywkXLC0MZAQu5c64pb2+gTmyA4bFabQcFKLhpy+/9SP8/8Lgfv9QaiHkllcTlhwPLW2SJkFKQ887u5CnPvBH4gNqBJSxoG+/Kd70PDJp7uPwRVsrH4wFUEs/sYWNMGPkD/SFhi7M2Vg+UlkK69e6Z69RGO5apjRAuakvrzOrOVyUHzr/3UafWIjzV+B1C+rUhwTbttx74CRWWFFUhQ4ASIS1981AzsCP9yl267o2mZH2/S2MjK5cAY5SsQ1AGjOXepR/dNXpCYX0eaQAAAABJRU5ErkJggg=="`;

exports[`static asset rendering tests generator: icons match snapshots: custom 1`] = `"iVBORw0KGgoAAAANSUhEUgAAADAAAAAwCAYAAABXAvmHAAAAAXNSR0IArs4c6QAABKZJREFUaIHtmk1MG0cUx9/M7K4X2zG2UxHAQnyoB3IKoYcqCiSoUirHcCfHKkVRpLaUtr7149C0Ug5WZdFUyoEG9RBVuaJg3FaNoIqUUxVfeglVDIpIFTeA7Sz2ej0700NiZNY22GZsE6m/277dffN/M88zzzOLQAD9gVCviaTPTZDe1JlyOs8VZ44rUvEzNmRQGRmaio2HBOjfhNNv45Hg+mHbRocRnQflux3uvJhhals9PuxYzzqQtiSD8Wm9wdQcwIA/NJLFttk0ax+iXKq7A4qREOUunIq1sdz042jwfi3v1iTAN37jXtJ0jYkSbkVClLtJenlj8cN3qn2nKiF9E+HJlOmarzdVasWO9ayHb71bzWgcGEDPeHhuy/ReblSvV0JClHvJ1q0nizNT+z1H9rvZMx6eS9CO9xngpooHAGCA0Q5zDHcPjvakV6MLlZ6rGEBBfGPkVc9BQZQN4KiIL7DDHMO+k2fV1KNffrfeK0mNvonw5L/U+3Ozc/4gJET5CUics/6wsfXBlOmaFyXeibWUE2spEb4ol9A28v5qte8JwBeYXRYxVRKg0CUnLm0uXXFvLl1xd8mJSwToYd1ChqltvsDscrFtt6cH/KGRZ9Dxh4je95Lt2D+RD04X27oCPzzcMj1Dh/VtTaXdEcjitu/FlQb5P0ts2FwT4ZtyCeWw8k3hGgO8LMzS7NgpEQ0AAOhMDZTYTOVtUf6TzH2uPxDqBQCQAAAoVsLUFDfrpJmryzd+457N1L8CAMgR9evn1NUlyj/lEqJI+hIAphAAgOfirUyz6hxR2LGe3V66bEf9gVDvU7NbSH42m27ytA+/GoqGIHIdKIeJ8VVMufyWaMeNWgesmEw6gw0u94t23E5exNbuztwpXK/dnbnTTl7ERLejc3UI57niEO3YhvSfrDYZ56Ki28lzxYGtuweNAnP+TLTPHFekkmLudeP/AFoNtmHDbLWIerFhw8QyGFqrhdSLDIaGFZSPt1pIvahIj+FytfvrAsH0AZY4vdZqIfVCGLuJ45HguooyeqvF1IqKMno8ElzHAAAuKSN8mW80LqLdBni1DkjMmGlEtdgoCFAopD4GAIhHgusiq0WG0IlqbPXiIcmVwoHI7krcxrIfiRqFPLP5q7HVAwEKNmZ8UbjeDeBxNHjfQ5IrIhpJs2On+ibCk4XrvonwpKhdDw9JrhRvL5bsRLT757I6t6siGnNiLQkAoDGnW4Q/FWX0VHRqz+ZDSTHnkbT3RKWSxpxuUeIJUDgOyQuldgvJR9G/OgfP9+wwx7CIhkXRISeur0U+m7fay54PpFejC92Do0cmiA4p8eOTxU8+Lnev4gnNUQnipfjK52T7npGlV6MLvpNnVZ2pI7zJ/30IUOiQE9cr9XyBqvZDB/yhkU1w/yZqdjoIFWX045C8IOSYtRhfYHZ523SfN6ExGxkEKHhIcmUjMj1W7Ts15cVGZHqsEyVGvWQ7JrJ2IkDhDfJ8pRMlRmsRD3DIjz0oVsJpavfXm1oqyuguot2WOL3WtI89ytEfCPWaGF81mXRG5+pQHhRnjil7JggbNkwZDE1Feoxg+oAwdlPE5zb/AXjs8ogNJmtJAAAAAElFTkSuQmCC"`;

exports[`static asset rendering tests generator: icons match snapshots: decision 1`] = `"iVBORw0KGgoAAAANSUhEUgAAADAAAAAwCAYAAABXAvmHAAAAAXNSR0IArs4c6QAAAlJJREFUaIHtmj1u20AQhd8sRbXREegThClUWykNI0F0gxxBPkCARXKA6Aq5QRTAUGnVdhEeQboB2WpNTgpbASGQ1P4MwxR8pVaz8z5xl5xZigAg3epk+lx+Z6YFEWbwEWMP4uw4ie6yG733mqNFdX+vyX6aMrrLljqndKuT2FS/vY2fiRm5idU7KYj5vU5RVg/n/piRm1Jdqamp1lLmAYAIs6mp1hJztZk/5Ykn1VoxcC2R7ExvQyfoMn8SMa6V5K9fm5lCwm3Mn/KokEStYsp8Q63NA2DQThyAmYtjqT77xDqZZy7Ms1oJAvABjI2JozRb6tw12tU8omiRLXU+8bLKyBGp90+32nup1OVj/pTb6woQYYayepjf69Qnvq4Q84AnACADEWoeCAAAwiDSrU5CzQOBAIA/hG0F0GUesABg5uLSd3wgbCqAS+YBmysQRYt+ILqf1jbmAQuAp1ud9QFBoF3bmK15wHIP9AFxjNWqaT4X84DDJpaGyG703sRRCsaGmQtmLhj4YcoocXlA0vzXl5yI3jQP8+Hxw7ek/snLvbvctcfUooWf2E1SXWuxqarsa0/4SnWtxbaq8n+CIOC1aTbVGsQvSZiyY6xWl/pa1+VkSnXlU6l2KahzAtwgwNg8fvz6KTRnXcGlhMtygkCvfC6RhsYagpB0jntIrCM7QUjNZyvRnrjP+32b+jmV+IcaAYbWCDC0RoChNQIMrRFgaI0AQ2sEGFojwNDq5S1lx+hBOp84gOtJX6jEATpP+mK1ks4nDtB06vz3/bHw33AA4A+KXrQaMHKXwgAAAABJRU5ErkJggg=="`;

exports[`static asset rendering tests generator: icons match snapshots: documentAttachment 1`] = `"iVBORw0KGgoAAAANSUhEUgAAABwAAAAcCAYAAAByDd+UAAAAAXNSR0IArs4c6QAAAPhJREFUSIntljFOw0AURN+s6MMR0uCWI8AR4pPgHlmKFKiBEyQ3IEeIj0AbKDgCXGCHKkgg23I28iIkv/IX/62+ZqQVQLHywuJGcM0IGHYyT/taWxUrLxDPY4hazGUAlllkgKEKiMtcQomrkEt24KxtaPhEVI68pyxVYI55FMwGCRHV6602KbIDF/cGs/49bz2pIh+nyProOum6uPMshrSThsjckQc0UChxDmxCTNF972h/TPrKNKZaJDPV4gdTLU4huRZ90T9aOLQWXdHv4//Uoi/6RwuH1qIr+n38QS3MSy6ZTZP7X7oM+1pbTGnTjCYyDaZ8q7X7Ak4sbhR0+2VmAAAAAElFTkSuQmCC"`;

exports[`static asset rendering tests generator: icons match snapshots: error 1`] = `"iVBORw0KGgoAAAANSUhEUgAAADAAAAAwCAYAAABXAvmHAAAAAXNSR0IArs4c6QAABWJJREFUaIHVmm9MG2Ucx393tHC9G6yFNrDMWhfBiECGQwGzloEJjKE4U0aYTUwMNmRJEzW+8cWmMZtL9sosLksWA+4VIDHlBUzGIFP+jAyZOBxMksFCoOLAwqjI0Su9Xn1BS0op1+e53ur2efnr83vu+7177nl+fZ4jQAbsNoshybV8OoFzZyY8fvQqya7sSXAtKULb+NRaXmA0a77UfXd9lGrao047X3O5ZTbWaxOxiKaWFr5O/HPqmMLpUEnpg9fp3RvPZV3ntBmfSjWDbaCjodaoWHR8Q82M5xMcK/kGhOKnGD93IG+MT9d/9M63P9zCycUScL2m5KekqdFSuYSH46cYvyeroO+YfeBN1BwkIZ1Wcx01eeeq1KGCC6/Tu905xRUoTyOqgWuWikZ6Yqj+Sd313fBTjH899/B3b7f0WMXaiYq6ZqloZH7t+VBeaXiwr1U0iZnY1cDTID6ImImESMGnSTwAQOJfDw+dqKqiWu9N3Qz/jQwPdFrNdfTEUH18pKHD/N7/WUdDrTE8vsMANXnnarxfWBQIjiVU94d7wuPbDHSZTX3xmiqloHA6VF1mU19obOsd6GioNdL3Br4keG/Uu+/ONfVzrxS9z2blnxVS9yUrHj86RPBeLDECRcN6flnTWk6RmX/+ZbuwJ+1F5d9zL0Q1sbpsqDn+7s3W0T/mAAC2Ci7F4twllKHjzjX1V7UPloaErJ1Wcy890v09ya2jiy+sPFnd2N4WCM0CQGmX2dSnmhg8IpZLcCyhWFr4CgBKAQJDyG6zGKiZiYMoF+e1GWfCY9WN7W3rhZUnBYqWIl6070hQ07+V2G0WA0DAAOVcvIj64nqVSkekOIoJMfFifYdDcCyRtLL0OUDAQOL8g6MoiQAAwcRIiJmIJj5a3zvazk5aAABIu81iwJl56Imh+k6ruW633yOZQBGPu/4onA6V3WYxkDiuATYfHzNyoxXVBKp4ZuRGK+76k7jqOkV0HS+6q5r8JR8nEWCzWmQLj74XTRjApiGxNlLEA2zOiERPWZZLOT+1FzcZAM2EGLGIBwDw7s/6hyTZFUZKMgDacNqNWMUDAJDsCkOG7x7gIsWEHOIBABJcS4odxZwUcEzIJT6ILAYAAPzgRxaE0zYashhAmSqD4JQdKJA+tdYXSwc44oPIZcKn1vpIgdGsSe1AivggcpgQGM0ayaekzkhKRlxhccsOHHhNxhgpMHtHcRNxygOcsgMXH5N8m/RotOdwknBrG9zaCYeNFPUVAgCg97DerXA6KJSkaBtNu83zKGUHznYOr9Nz5UMOFQkAsLH/pW6UJAAAsScmtkihPAmc0eAxZDcDBNYBTpf+CerjU3q9+khxlBU2mond+g5HoOgtsyQAQM3lllnPgbwxlOTAH2ps8UHETETqOxKezIL+4IHI1gU7GmqNzPCPgyg7C1xeyc/etPQvvEqlI8m1fJoev2XFrW38FONfzzM2etRp55Ver165vHiWGh8oi5YnUDSwxW+Zglvv2y6Ksq3xfxO+rbPjruHMSPEmOPOExnYUc1z26x/IVWjJiUDR4M4pLg+P7zBQ3dje5s41NsVHFjrrB0svRDpyeuYPOJ75I6aIJzRBWsYfdpyoqqIUy/NG3N3nWBEoGtiC8gvVzd0fi7VDmrs7GmqNqvvDvfGanXidnnPnFJfLcswaSpfZ1Jc0PXoEdRsdF4GiwZNZEL59L4rETw3mLiXNjOfLZSQonNdmnHminxqEYrdZDJRz8WLi/INKqUOL1+k5jyG72aPRnovbxx6RsNsshsRV16kE9t83FCsL+YHPbbZNED611icwmjVekzHmY5Jvb6Sor8jxuc1/GCkHjE6Um7MAAAAASUVORK5CYII="`;

exports[`static asset rendering tests generator: icons match snapshots: expand 1`] = `"iVBORw0KGgoAAAANSUhEUgAAABgAAAAYCAYAAADgdz34AAAAAXNSR0IArs4c6QAAAKBJREFUSIljYBgFo2AUDH3ATEgBp6xDOKuAovafjyx3GBje/YWIqrBzyukHs/Epq/7+dP8GPv1MxLiCkZFJlFNO1p+BQYUdYrisPyMjkyhRegkrUWHnlJUJYGRiFvn//99rmIX///198/3xkw0MDHd+4tNNMIgYGN79/fOJ5Q4LH68cIxOzKCMjIzexhhNpAaolDP//fyPW8FEwCkYBnQAASb012vuf5VkAAAAASUVORK5CYII="`;

exports[`static asset rendering tests generator: icons match snapshots: genericAttachment 1`] = `"iVBORw0KGgoAAAANSUhEUgAAABwAAAAcCAYAAAByDd+UAAAAAXNSR0IArs4c6QAAAXdJREFUSIntlr9OwlAUxr/v1l1XN1/AyOSqPoG4GkBckaGuWgIG2DEWVxHY5Q2E1UmcfAzc9X4OhAQQLo2hTUz8kg7tuef82tvz5xIAMsVq2ohlECnEIeHVUjfdsNRjplhNG/ApFtCcLHRiCFSSgAEAAd8Q3EsOyAOTFGyiDZdRwgephgX6y9YYMQ/ibC1AiH67GbRWxOhnC/U+jR6iAJkr1rTM2A4DAsBpoZ7yPG5O2zp3V4Pp+2yhno8CjfQPPWMblO1PX/NrOvfXLUC3awFGVTss+RAeYwHm/crWQmgzyMcCtJ+e/xs/d5Y6xXLuonYMsjf9VNLCL18DEBg3e800fNLtsrakETRohwEnpRQ7MKr+gX8fGKksvqzxjbHO+rLWjKLEck4LWZ6Pm3J0rZoaTiCgEWAaIpcO4Jlg0iFgfYBLd2PFlnILUIVyvNNPH6c1+SwVNEwKJmhglOC5VEDDe3t5ft/dPxoC2Ca4Ew9IAwGX3bDU+waDQIXb4qMvTAAAAABJRU5ErkJggg=="`;

exports[`static asset rendering tests generator: icons match snapshots: info 1`] = `"iVBORw0KGgoAAAANSUhEUgAAADAAAAAwCAYAAABXAvmHAAAAAXNSR0IArs4c6QAABKZJREFUaIHtmk1MG0cUx9/M7K4X2zG2UxHAQnyoB3IKoYcqCiSoUirHcCfHKkVRpLaUtr7149C0Ug5WZdFUyoEG9RBVuaJg3FaNoIqUUxVfeglVDIpIFTeA7Sz2ej0700NiZNY22GZsE6m/277dffN/M88zzzOLQAD9gVCviaTPTZDe1JlyOs8VZ44rUvEzNmRQGRmaio2HBOjfhNNv45Hg+mHbRocRnQflux3uvJhhals9PuxYzzqQtiSD8Wm9wdQcwIA/NJLFttk0ax+iXKq7A4qREOUunIq1sdz042jwfi3v1iTAN37jXtJ0jYkSbkVClLtJenlj8cN3qn2nKiF9E+HJlOmarzdVasWO9ayHb71bzWgcGEDPeHhuy/ReblSvV0JClHvJ1q0nizNT+z1H9rvZMx6eS9CO9xngpooHAGCA0Q5zDHcPjvakV6MLlZ6rGEBBfGPkVc9BQZQN4KiIL7DDHMO+k2fV1KNffrfeK0mNvonw5L/U+3Ozc/4gJET5CUics/6wsfXBlOmaFyXeibWUE2spEb4ol9A28v5qte8JwBeYXRYxVRKg0CUnLm0uXXFvLl1xd8mJSwToYd1ChqltvsDscrFtt6cH/KGRZ9Dxh4je95Lt2D+RD04X27oCPzzcMj1Dh/VtTaXdEcjitu/FlQb5P0ts2FwT4ZtyCeWw8k3hGgO8LMzS7NgpEQ0AAOhMDZTYTOVtUf6TzH2uPxDqBQCQAAAoVsLUFDfrpJmryzd+457N1L8CAMgR9evn1NUlyj/lEqJI+hIAphAAgOfirUyz6hxR2LGe3V66bEf9gVDvU7NbSH42m27ytA+/GoqGIHIdKIeJ8VVMufyWaMeNWgesmEw6gw0u94t23E5exNbuztwpXK/dnbnTTl7ERLejc3UI57niEO3YhvSfrDYZ56Ki28lzxYGtuweNAnP+TLTPHFekkmLudeP/AFoNtmHDbLWIerFhw8QyGFqrhdSLDIaGFZSPt1pIvahIj+FytfvrAsH0AZY4vdZqIfVCGLuJ45HguooyeqvF1IqKMno8ElzHAAAuKSN8mW80LqLdBni1DkjMmGlEtdgoCFAopD4GAIhHgusiq0WG0IlqbPXiIcmVwoHI7krcxrIfiRqFPLP5q7HVAwEKNmZ8UbjeDeBxNHjfQ5IrIhpJs2On+ibCk4XrvonwpKhdDw9JrhRvL5bsRLT757I6t6siGnNiLQkAoDGnW4Q/FWX0VHRqz+ZDSTHnkbT3RKWSxpxuUeIJUDgOyQuldgvJR9G/OgfP9+wwx7CIhkXRISeur0U+m7fay54PpFejC92Do0cmiA4p8eOTxU8+Lnev4gnNUQnipfjK52T7npGlV6MLvpNnVZ2pI7zJ/30IUOiQE9cr9XyBqvZDB/yhkU1w/yZqdjoIFWX045C8IOSYtRhfYHZ523SfN6ExGxkEKHhIcmUjMj1W7Ts15cVGZHqsEyVGvWQ7JrJ2IkDhDfJ8pRMlRmsRD3DIjz0oVsJpavfXm1oqyuguot2WOL3WtI89ytEfCPWaGF81mXRG5+pQHhRnjil7JggbNkwZDE1Feoxg+oAwdlPE5zb/AXjs8ogNJmtJAAAAAElFTkSuQmCC"`;

exports[`static asset rendering tests generator: icons match snapshots: note 1`] = `"iVBORw0KGgoAAAANSUhEUgAAADAAAAAwCAYAAABXAvmHAAAAAXNSR0IArs4c6QAAAphJREFUaIHtmb1u01AUx891/BETlyIGaIaqWaAdUQdaRSi97RvwDCAGprAwVGmookggKtGwt++AeIDIKVLFmJEOiKRCEJia5su1c20GGONr+1yrVpB/6/nw/6/ce3LiEAgBpbUy2PpLsPR8mHxhspOfoE7emma1EZRKghJoqX4Ew1tP4lEWEePi2DypPOWlZHjBre39Z2RwuxqvqgjY2fXltY32ecc880uRePXElZ/HryoaGVfe58W5Bjwm3YlXTnQ8Ru7y4lwD80BqIGnm3oAsUuwRBkS96kFm6jvmuDB51bO1JeJxpzkXtAGPMHAWB4XTZqWLfjoAFHfqK0p/oYM1gT5CRB+1RMUDAJw2K12ij1rY+rm/A3gDllEq7tRXRAVQWn8EllHC1uMvsSsR9fLmN1o86IHEvuB6ZNZgqC2BKwUulX4ITSFwJfJvxb6eNXsGYgYAAOQpA8kZompdxYCpjJ+hIDhGyUL/RZgfHTworZW9weJhAmPUaouKBwAwzWqD6FYbWy8wRlkfXxtfL7wBJ/sQXRtjL/wldlSdbrwbg2J/Rvf422cTHFXHlotNIUfVwVG3hXoIMverhNgnkLv8YCtuedZSR2mt7E1yr4mjZYWeEQDegD76an7afewXNs1qg9IagKMdop8RAvwRIux7UEoc3xNB4A24yv2gFFqqH6H7hwR/hCw9T4sHP4h29WZW2HXkLRjf8D1icSF2iS0971n6+1kh9H4ckbkfo6mBpEkNJE1qIGlSA0mTGkia1EDS/N8GSMb9fV1C/DV4v3hxrgEmsVfxyokOk6bcf+q5b1TPO+ZZ4V5xGezseryyQmJcHJ+0qge8lMBXwp1u82NhdbMP4D0AphjxqeOgjXuQG+yZrb3doNQ/N4bBHqihzYAAAAAASUVORK5CYII="`;

exports[`static asset rendering tests generator: icons match snapshots: success 1`] = `"iVBORw0KGgoAAAANSUhEUgAAADAAAAAwCAYAAABXAvmHAAAAAXNSR0IArs4c6QAABNFJREFUaIHVmktsG0UYx7+dnX3FcWM3dZRN1CSIcKmKyONUKU0jRIEioSoUKbElnLYElAvPK3AqSD2hCi4Vaps2UpJWAqrkAAgESiSkckEkCMiBICgStVRXtROvsw/PznJoNnI2fuyuH3V/t5mdGf//s+NvHjsMVAE5FusG1niPINqrsUa/gcxmHeVwfhmBcoSnrCKa/C+YonUw+Y8Sc3O3K/1tphLRJjY+VrB6Ygvrkp82moigNhPpa5bw7/o149lAVzQ6tMVvfZLm1T7CUN8dkA+2kBUypJUmo+nNf+fnf/RS15OAyMRLP6R4ZaRawp1gC1lho3kpee3Lp93WcSWkIz4+lsaZab9DxStNRFAPqPuedfM2yhqQJ05dSvKZs7Xq9WJgC1kRI3glce2LyVLl2FIP5YlTlxLCxquUseoqHgCAMhajYH1APtx/UFldWyxWrqgBW3xt5LmnnImCBhpFvI2C9QH50KCo/PrH985ne4ZGR3x87K5wf77eY74c2EJWh9I67PxjI2fBNM5MN5p4AADCUOaetPmtM3+XgUh8dKleodIPW1iXIvHRpfy8HQNd0ehQSsgO11+WN1JCdrgrGh2y0zsGtgTt00YcOk4IQxmV0z600wjgwcIszWWfeniyvJESssNyLNYNsG2AcvqFR6H3bQhDGeD0DwC2DWRY7bl6i4howWVZaeuRlbaeiBZc9lp/g9ViAACMHIt1J5rv/lN9icWR9ZbLzjVOy5kXExuc2u6pHaWtB9mvol4UEg8AIFL+J8+NsbkplGPoYFWUuaCYeAAAk6E9XtsjDDmCdGQ8Vrm08pQS3xEfH/MTBTVs9GED0YAfQRLhtX2m9A0AwCarPq9iQyxWtpx4v2svA9EAdp4euEEivKZe+UpS8/LCp0+up/js486ytRIPAKCjHN6zmHOD3fP5pK4u9IaNwF/5ebUUb+PLQDHyTdRDPIBPA6UmvtTVhd5ONfROPcQDADDC5Amio1zJvXEhwrnAemp64QkvdaotXqCciXiKFD+VU1y2N3zm5J9uy9dip8dTpCCB8n/7bcCtiVptU0XCryDOQj9X0kg5E7XcY2ML30KQE85V2lAxEzU/IDC5iwwAgHT2BbXUTOqWIBHTQdI8dWfm+g35lZc/S4qbk7USb0+mCKDwxOSHDNZCd8R71+H1Z6yElH6tlpukkCnNAmzPAygnvM3Sqs5pNYWlCOyhjwAAEnNzt8MksPJwZblnvxFYtj+I7HR7ky6+8Si8BZYikHLi+3Z61xiNxEeXkmLmWP1luSeiBZeTMzdH7PSeP1m1IlItsCNPft6eMRMm+0434lBiKYKI2nJ8T74zI7P62+/tT/YdVLA+UB9p7mjXQuf/m70x7cwvuApVVtcW5cP9DWNC1lsuJ2Y+f6vQs6LL6EYxUWpjBFDmG5myurYoHxoUVdYYshir+upKwFIE7VrofLGet3E11XdFo0NJaeO7ekUnifBaRG05XpXPrPlE4qNL9/nsMRNR/+pKwFIE+43ArjhfDk/xMjlzc6Qz23r0gBFcqWaoZSmCiBZc7sy2HvUiHqDCyx6U0y+UO9QqhUR4LWRKs5ATztXtskchHly3yU0RhhzRsNFnINrsPCgQKGfyFCki4VewhW+ByV2sxnWb/wFNOE2bzCLvGgAAAABJRU5ErkJggg=="`;

exports[`static asset rendering tests generator: icons match snapshots: taskItemChecked 1`] = `"iVBORw0KGgoAAAANSUhEUgAAADAAAAAwCAYAAABXAvmHAAAAAXNSR0IArs4c6QAAAilJREFUaIHtmMFLFFEcgL83a4HKohDlLZYuQW0wNB06jhB0qMvuX5BQdEmF7tXBU9AlEkkKku6mh06JuN4KXPKgh4RwvbaIycYGQvs8yEiUO755u/N+FvPdBuY9vo+Z994wiohS9R7oURQXgH5OIpom6A3wppgLXgEogpVTnGcKxV1pv0RoXjMX3FeUqmWUnpX2saLFTQ9aY9Ie1ng89FDKl/awRmvfAwakPaxRasiTduiULECaLECaLECaHmkBAL/Qy/jtIQpnT1NZb/D8/Te+N38ZjRUPuDN8hjcPCofXYTFPeDnP8JMNo/Gir9Cf8hFRhAliAe3kIwb7c0bziAQcJw+wutk0mst5gIn8yGSNWn3PaD6nAabyM0vbxnM6C0hDHhwFpCUPCQL8Qi+fn11CzwbsvPUZv3XOaFya8gCK8oo+7qbBvhybL6/8tbXNLG0zMllrOy5teTB8AmExf+S+HCfoQh66sAaOEnUlD4YBlbUGWzH78u/CLuXBcA3AwSKuTFxkoK/9EV9ZaxAW479huikPCV6h1dpPwkdf2I35zHUtDwnXgElEO9KQB4tFbBORljxY7kJJItKUhw62UZOItOWhw3MgLsKFPHThIIsiltd/ALBV36P09KsTeUhwDpxU/vn/QlmANFmANFmANP9FwCdpCWu0XvZo8Vjawxqdm/CYv/YB9LS0S3L0NPNXF9Xhdbl6HfQomhsozP5auacOLIB6wbvgI8A+75/yDjFgXsAAAAAASUVORK5CYII="`;

exports[`static asset rendering tests generator: icons match snapshots: taskItemUnchecked 1`] = `"iVBORw0KGgoAAAANSUhEUgAAADAAAAAwCAYAAABXAvmHAAAAAXNSR0IArs4c6QAAAV1JREFUaIHt2rtKw2AYh/EnX2IMpjVFexBcC0IvwcnZG3Bz9RIKXkDBS3Dt1htw7lUIgpuL9iDWtJLGJDhIasETmd4U3t/WNsP/CTRLPouVjkurViO2PM+1bUooitOUZOuNcPQKtzGABUDjpOKZrCG6rqAoM2PGw7kFHddr1Q/zHwb9XrtR36tIjvvNePI8Pzu/vM8/R0/mwaJ13PRwfIDHu5uLIPC7chP/N5strg6OTq8BojcTGmLLg887X/bxAEHgdwf9XhsA533H5H/YZn2/KrqsgHyr59q2WX2bJmKDClvbav64bCNogDQNkKYB0jRAmgZI0wBpGiBNA6RpgDQNkKYB0jRAmgZI0wBpGiBNA6RpgLSvANsRnFHQ2lYTLZMMYDSZhmKDCsq3Rssk2/gX3T8eNSjrO+PRZBp+P2oAm37YI9dxqTZ3sWPf23ZK+XSKlklG6i4IeYFhAvABGmFt1w2NTZMAAAAASUVORK5CYII="`;

exports[`static asset rendering tests generator: icons match snapshots: tip 1`] = `"iVBORw0KGgoAAAANSUhEUgAAADAAAAAwCAYAAABXAvmHAAAAAXNSR0IArs4c6QAAA41JREFUaIHtmTtMFEEYx+d2b193LHdHznArxRVa+GiAysJCxA4TIGBCNiGAhbHEyhhjiDFGS0sLNBDiJSpISKSxMcZCO07xUaAFhZ4KCfdYbmfndhcLY2LQ2Z3Z2T2N4dfO983+/zfzzetiICQ0Xc8DHl02eXTa4VzFATtSPW4pAACQsCWTBzGLdzlTccTHwBGvlwqF9TC+G2PtQBs9c8MQzPO1OEzT5Km2XG5pKLdLcw8vsXw/sIGO0eHJqgCnaIXvRrXlcmtDvvppbv5WkPxABjIT/WtbwvbBILk4slZyZXN2qZs2j8qAput5Q64WWX91HKotl1tgaydNfRAb0HQ9X5Er738WZlQkbMlMwdRhUhMcaceGXC1GLR4AAOpxSzHkapE0nshAZqJ/Lapp8ydqcZjOjg+ukMTyfgEdo8OT36Sazi6LjjqPch1Huiu11+9eesX5jkBVgFPhyaKD5NueBrSxoelmTp3d1OIw3TE6POkV42nA4OFwuJLoMeLWRa92rAFN1/O1uJUKXxIdFcHMabqex7XjR0CwrkSiKAgeWrAG6hzqi0YNPTBmn8C1YQ24MTfyTYsUm7OzuDasAQcAMRo54YKfQk04NpDitZgQn4X+VbAGVFuqNFOIF15asAa4Hc6MRg49XlqwBhKuuByNHHq8tOBroCFdi0RNEDy0eN7IMuP9H7bE7QPhKyIng5Ift2aWsPdvz1VItRLj4Uuiw0+D7534b45CFqnFzZnFLq8Y331ARsle3m3+dsG7HBCQMuAb5xdgrK5Wcke7ZUOAx8ORRkYOpm+W7t1f8IsjflZp5lTyK9xfIZ4bMkr2KrYIg8siQ7FFKKNkL2k8sYFSobCehulDUdYD73IgDdOHaF7mqNSUCoX1dtQ2EoUJ3uVAO2oboX129y3i3dRevXkbRVHvh6kLn+ce3KHNC/y8rp7tK4d16VdtqVK7uxzo+SbwXGhx5PmguWH2FdiAgMSZoLm/wXBwZPuL6dypHaZ88KN4nekngXUwLSdZpBI/g+PI2EmmPpgMCEgZyCK1GGRZ5V0OZJFaJDnv7LFHhDCtQpqu5xvC9mJZNDvtmEvVl+QKdmtDeb4x++gkiwamIjZF48WmtN1FKx4AACyuEd+Qqj3tY0OLLBqYDJTFusaSDwAAdR72sOT/v0+LJKQayhdWAQlHfsqSz2QgYanHgm5kkis4+6D67OvswiCLhu+Juzycn58ycwAAAABJRU5ErkJggg=="`;

exports[`static asset rendering tests generator: icons match snapshots: videoAttachment 1`] = `"iVBORw0KGgoAAAANSUhEUgAAABwAAAAcCAYAAAByDd+UAAAAAXNSR0IArs4c6QAAAQlJREFUSInt1tFtgzAQxvH/WR0gG5QN6g3KBgGpsEayQRkhXSOKVG8Q2MBskG6Q9z5cX1AUTJtSCay24nvzYe73wMlYALS0GcoGIWWOKDXCi+y9Ey1tBrzOAg2TG6CKhIGyNcBDNFB4NNGwLgs4ee4GFeUNOI14N0G4/2ZPSzCUIdjyTirOn0eAaGEdwnr4gAalkoOvtbA7hM1XoBuLdY13PfAKutSEXr9pv2GIfZL/P6UL+MtB4Vmf7M2feB9U1prZ1Q+AbbBOMRy1sMcLrPT6iZZWA/QM+BFYAiQ39ygewV6XhmepsIKJ7jYBBn9+aBawA9tomtLEvpdWRvbeATlKMyPUALkcfP0BJA1QYwMWCRIAAAAASUVORK5CYII="`;

exports[`static asset rendering tests generator: icons match snapshots: warning 1`] = `"iVBORw0KGgoAAAANSUhEUgAAADAAAAAwCAYAAABXAvmHAAAAAXNSR0IArs4c6QAAA9tJREFUaIHtmV9IU1Ecx882u3nb5r0a1/JPTltqQ1te5x7Sob34LNWD0UsQvsRi6CwJCiQilYKSQOrhCvoyI1AW4YsEBYZvoRQhjmLOxUZO3KbX0qXZQ9yxrnfznnPPdS99Hs/OOb/f9/e77H7PuRqgIpyTNRWQO22rP3WvOoZmA2rGws6Yu76dHyB+7z4Cu/wA8XvMXd+uRhyNGptyTtZ0+cRnv16XSO6/sUPsvgjWVODuhBbnZgIWKuZNTR4AAPS6hMZCxby4Y2EX4HHZHI35/jqp3xrz/XUel82BMx52AZXG5RElv8OCVYDHZXM00EFzpjkNdNCMswtYBdjyl17LmVdLhV/iiolNwLjb2llliNBy5p7JCxWNu62dOOJiE1BrDPeqOT8dWATAVF+gyhChcXQBi4AG+lufeIzfJsBMtGJuImztmolWzPHbhKx1sCgWMNlj4crIVVI8PhU53dXU52cvPf442NTnZ6cip7vEc8rIVXKyx8Ipia/YSiw/MPxiCD4ndczHM/Hqe3sfqYVeJlZliFCpY5GEYbvwDn8INb6iDkz2WDhx8rAwBJ+jpAvIAjgna2op+HoNdX0qdip4lXOyJpS1yALMxvVRsWFDhSH4HLNxfRRlLZIAzsma7PRSM8radNjppWaULiAJwFl9Ab0uoUHpArQAj8vmwF19ATu91Axr9KAFVBqXR3BXX0CvS2hg7TaUADl2WSmwdhtKAO7DCI44sgWMu62daldfoIEOmuXeYsgWgMv+yqXeGHwuZ54sASh2WSly7bYsAQddfZi4+wrwdtf0H3T1BaoMEdrbXdOfac6+AhoLAjfxpQTPfvEzCkC1yyVkPE/sazgnayoh43mwe+1ntzMKsFPBq7ABAfj7Rm09FpgXXkgel83Reiwwj/oGz5RH2g3f3j717vzRLy0oAdXgTaTa2/pw4YJ4XLIDathlpZwr8LdJ2W1JAWrYZaWks9t7BOCqvo9n4sOLbLnmFtAML7LlPp6JK91T6tCzR4DU3T4s/DYBpldKzwofMzqGZgPTK6Vnpe6GYJD6xvCPgEx3+zCENqm4+EtMx9BsILRJKe6C+BvDPwJw2eVc3Y5kqdONw5KaZ1IAzsOK1I1buhs8FFIPPclnfaGXieL2PD6eiYU3qdmi3DiLe+9Pa8Vh6/1QsQaAv3b5YtHHJzgDHAQTYWuXFgAAysjojWwng0IZGb2hBQAAi/H7yWwng4LpSNSkBQCAlS39VraTQSGaIDe0AAAwt1Y8mO1kUJjnC58l/4XG3PXtx4m168WH44pfZGoT2qLmwj+ou1eefnif7Vz+8wcApWK9pUBFxwAAAABJRU5ErkJggg=="`;
