// Jest Snapshot v1, https://goo.gl/fbAQLP

exports[`quick-insert.ts: Insert custom panel via quick insert 1`] = `
Object {
  "content": Array [
    Object {
      "attrs": Object {
        "panelColor": "#E6FCFF",
        "panelIcon": ":rainbow:",
        "panelIconId": "1f308",
        "panelIconText": "ðŸŒˆ",
        "panelType": "custom",
      },
      "content": Array [
        Object {
          "content": Array [
            Object {
              "text": "this text should be in the panel",
              "type": "text",
            },
          ],
          "type": "paragraph",
        },
      ],
      "type": "panel",
    },
  ],
  "type": "doc",
  "version": 1,
}
`;

exports[`quick-insert.ts: Insert panel via quick insert 1`] = `
Object {
  "content": Array [
    Object {
      "attrs": Object {
        "panelType": "info",
      },
      "content": Array [
        Object {
          "content": Array [
            Object {
              "text": "this text should be in the panel",
              "type": "text",
            },
          ],
          "type": "paragraph",
        },
      ],
      "type": "panel",
    },
  ],
  "type": "doc",
  "version": 1,
}
`;
