// Jest Snapshot v1, https://goo.gl/fbAQLP

exports[`ADF => WikiMarkup - Unknown Nodes should convert custom emoji into {adf} 1`] = `"Hello :wtf:"`;
