// Jest Snapshot v1, https://goo.gl/fbAQLP

exports[`DeactivateUserOverviewScreen 1`] = `
<injectIntl(MessagesIntlProvider)>
  <styled.div>
    <styled.div>
      <MemoizedFormattedMessage
        defaultMessage="Deactivate account"
        description="Heading for the screen that explains what happens when an admin deactivates a user's account"
        id="focused-task-close-account.deactivate-account.overview.heading.admin"
      />
    </styled.div>
    <MemoizedFormattedMessage
      defaultMessage="You're about to deactivate the user account of:"
      description="First line for the screen when the admin is about to deactivate another user"
      id="focused-task-close-account.deactivate-account.overview.first.line.admin"
      tagName="p"
    />
    <UserInfo
      user={
        Object {
          "avatarUrl": "",
          "email": "catherine.hirons@acme.com",
          "fullName": "Catherine Hirons",
        }
      }
    />
    <MemoizedFormattedMessage
      defaultMessage="When you deactivate the account:"
      description="A paragraph explaining that the admin is about to deactivate another user"
      id="focused-task-close-account.deactivate-account.overview.paragraph.about-to-deactivate.admin"
    />
    <styled.ul>
      <li>
        <MemoizedFormattedMessage
          defaultMessage="{fullName} will <b>immediately lose access</b> to all Atlassian account services. They currently have access to: "
          description="A paragraph explaining that upon deactivation the user will lose access to certain services. The second sentence is to begin a list of services the user-to-be-deactivated can currently access. {fullName} is filled in by the web app."
          id="focused-task-close-account.deactivate-account.overview.paragraph.loseAccess.admin"
          tagName="p"
          values={
            Object {
              "b": [Function],
              "fullName": "Catherine Hirons",
            }
          }
        />
        <styled.div>
          <DropdownList
            accessibleSites={
              Array [
                "hello.atlassian.net",
                "acme.atlassian.net",
                "test.atlassian.net",
                "bitflix.atlassian.net",
                "Bitbucket",
              ]
            }
          />
        </styled.div>
      </li>
      <li>
        <MemoizedFormattedMessage
          defaultMessage="Their personal data, such as their full name and email address, and content they've created will remain in Atlassian account services."
          description="A paragraph explaining what will happen to the user's personal data"
          id="focused-task-close-account.deactivate-account.overview.paragraph.personal-data.admin"
        />
      </li>
      <li>
        <MemoizedFormattedMessage
          defaultMessage="We'll no longer bill you for them."
          description="A paragraph explaining the billing for the products"
          id="focused-task-close-account.deactivate-account.overview.paragraph.billing.admin"
        />
      </li>
    </styled.ul>
    <MemoizedFormattedMessage
      defaultMessage="You can reactivate the account at any time."
      description="First line for the screen when the admin is about to deactivate another user"
      id="focused-task-close-account.deactivate-account.overview.last.line.admin"
      tagName="p"
    />
  </styled.div>
</injectIntl(MessagesIntlProvider)>
`;

exports[`accessibleSites display text displayed is different when no accessibleSites prop is passed 1`] = `
<injectIntl(MessagesIntlProvider)>
  <styled.div>
    <styled.div>
      <MemoizedFormattedMessage
        defaultMessage="Deactivate account"
        description="Heading for the screen that explains what happens when an admin deactivates a user's account"
        id="focused-task-close-account.deactivate-account.overview.heading.admin"
      />
    </styled.div>
    <MemoizedFormattedMessage
      defaultMessage="You're about to deactivate the user account of:"
      description="First line for the screen when the admin is about to deactivate another user"
      id="focused-task-close-account.deactivate-account.overview.first.line.admin"
      tagName="p"
    />
    <UserInfo
      user={
        Object {
          "avatarUrl": "",
          "email": "catherine.hirons@acme.com",
          "fullName": "Catherine Hirons",
        }
      }
    />
    <MemoizedFormattedMessage
      defaultMessage="When you deactivate the account:"
      description="A paragraph explaining that the admin is about to deactivate another user"
      id="focused-task-close-account.deactivate-account.overview.paragraph.about-to-deactivate.admin"
    />
    <styled.ul>
      <li>
        <MemoizedFormattedMessage
          defaultMessage="{fullName} will <b>immediately lose access</b> to all Atlassian account services. Currently, they don’t have access to any, except services like Community and Marketplace. "
          description="A paragraph explaining that upon deactivation the user will lose access to certain services. The second sentence is to begin a list of services the user-to-be-deactivated can currently access. {fullName} is filled in by the web app."
          id="focused-task-close-account.deactivate-account.overview.paragraph.loseAccess.admin.noSites"
          values={
            Object {
              "b": [Function],
              "fullName": "Catherine Hirons",
            }
          }
        />
      </li>
      <li>
        <MemoizedFormattedMessage
          defaultMessage="Their personal data, such as their full name and email address, and content they've created will remain in Atlassian account services."
          description="A paragraph explaining what will happen to the user's personal data"
          id="focused-task-close-account.deactivate-account.overview.paragraph.personal-data.admin"
        />
      </li>
      <li>
        <MemoizedFormattedMessage
          defaultMessage="We'll no longer bill you for them."
          description="A paragraph explaining the billing for the products"
          id="focused-task-close-account.deactivate-account.overview.paragraph.billing.admin"
        />
      </li>
    </styled.ul>
    <MemoizedFormattedMessage
      defaultMessage="You can reactivate the account at any time."
      description="First line for the screen when the admin is about to deactivate another user"
      id="focused-task-close-account.deactivate-account.overview.last.line.admin"
      tagName="p"
    />
  </styled.div>
</injectIntl(MessagesIntlProvider)>
`;

exports[`accessibleSites display text displayed is different when no accessibleSites prop is passed for current user 1`] = `
<injectIntl(MessagesIntlProvider)>
  <styled.div>
    <styled.div>
      <MemoizedFormattedMessage
        defaultMessage="Deactivate account"
        description="Heading for the screen that explains what happens when a user's account is deactivated"
        id="focused-task-close-account.deactivate-account.overview.heading.self"
      />
    </styled.div>
    <MemoizedFormattedMessage
      defaultMessage="You're about to deactivate the user account of:"
      description="First line for the screen when the user is about to deactivate self"
      id="focused-task-close-account.deactivate-account.overview.first.line.self"
      tagName="p"
    />
    <UserInfo
      user={
        Object {
          "avatarUrl": "",
          "email": "catherine.hirons@acme.com",
          "fullName": "Catherine Hirons",
        }
      }
    />
    <MemoizedFormattedMessage
      defaultMessage="When you deactivate the account:"
      description="A paragraph explaining that user is about to deactivate their own account"
      id="focused-task-close-account.deactivate-account.overview.paragraph.about-to-deactivate.self"
    />
    <styled.ul>
      <li>
        <MemoizedFormattedMessage
          defaultMessage="You'll <b>immediately lose access</b> to all Atlassian account services. Currently, you don’t have access to any, except services like Community and Marketplace."
          description="A paragraph explaining that upon deactivation the user will lose access to certain services. The second sentence is to begin a list of services the user-to-be-deactivated can currently access."
          id="focused-task-close-account.deactivate-account.overview.paragraph.loseAccess.self.noSites"
          values={
            Object {
              "b": [Function],
              "fullName": "Catherine Hirons",
            }
          }
        />
      </li>
      <li>
        <MemoizedFormattedMessage
          defaultMessage="Their personal data, such as their full name and email address, and content they've created will remain in Atlassian account services."
          description="A paragraph explaining what will happen to the user's personal data"
          id="focused-task-close-account.deactivate-account.overview.paragraph.personal-data.self"
        />
      </li>
      <li>
        <MemoizedFormattedMessage
          defaultMessage="We'll no longer bill you for them."
          description="A paragraph explaining the billing for the products"
          id="focused-task-close-account.deactivate-account.overview.paragraph.billing.self"
        />
      </li>
    </styled.ul>
    <MemoizedFormattedMessage
      defaultMessage="You can reactivate the account at any time."
      description="First line for the screen when the user is about to deactivate self"
      id="focused-task-close-account.deactivate-account.overview.last.line.self"
      tagName="p"
    />
  </styled.div>
</injectIntl(MessagesIntlProvider)>
`;
