// Jest Snapshot v1, https://goo.gl/fbAQLP

exports[`User mention description should render User Mention description component 1`] = `
.emotion-0 {
  color: var(--ds-text-subtlest, #7A869A);
  font-size: 12px;
  margin-top: 2px;
  display: block;
  overflow: hidden;
  text-overflow: ellipsis;
  white-space: nowrap;
}

<span
  class="emotion-0"
>
  @Test User
</span>
`;
