// Jest Snapshot v1, https://goo.gl/fbAQLP

exports[`ArticleContent Should match snapshot 1`] = `
@keyframes animation-0 {
  0% {
    background-position: -300px 0;
  }

  100% {
    background-position: 1000px 0;
  }
}

@keyframes animation-0 {
  0% {
    background-position: -300px 0;
  }

  100% {
    background-position: 1000px 0;
  }
}

@keyframes animation-0 {
  0% {
    background-position: -300px 0;
  }

  100% {
    background-position: 1000px 0;
  }
}

@keyframes animation-0 {
  0% {
    background-position: -300px 0;
  }

  100% {
    background-position: 1000px 0;
  }
}

@keyframes animation-0 {
  0% {
    background-position: -300px 0;
  }

  100% {
    background-position: 1000px 0;
  }
}

@keyframes animation-0 {
  0% {
    background-position: -300px 0;
  }

  100% {
    background-position: 1000px 0;
  }
}

.emotion-0 {
  display: inline-block;
  vertical-align: middle;
  position: relative;
  height: 16px;
  margin-top: 4px;
  width: 16px;
  border-radius: 2px;
  -webkit-animation-duration: 1.2s;
  animation-duration: 1.2s;
  -webkit-animation-fill-mode: forwards;
  animation-fill-mode: forwards;
  -webkit-animation-iteration-count: infinite;
  animation-iteration-count: infinite;
  -webkit-animation-name: animation-0;
  animation-name: animation-0;
  -webkit-animation-timing-function: linear;
  animation-timing-function: linear;
  background-color: var(--ds-background-neutral,#EBECF0);
  background-image: linear-gradient( to right, var(--ds-background-neutral-subtle,#EBECF0) 10%, var(--ds-background-neutral,#DFE1E6) 20%, var(--ds-background-neutral-subtle,#EBECF0) 30% );
  background-repeat: no-repeat;
}

.emotion-1 {
  display: inline-block;
  vertical-align: middle;
  position: relative;
  height: 11px;
  margin-top: 4px;
  width: 60px;
  border-radius: 2px;
  -webkit-animation-duration: 1.2s;
  animation-duration: 1.2s;
  -webkit-animation-fill-mode: forwards;
  animation-fill-mode: forwards;
  -webkit-animation-iteration-count: infinite;
  animation-iteration-count: infinite;
  -webkit-animation-name: animation-0;
  animation-name: animation-0;
  -webkit-animation-timing-function: linear;
  animation-timing-function: linear;
  background-color: var(--ds-background-neutral,#EBECF0);
  background-image: linear-gradient( to right, var(--ds-background-neutral-subtle,#EBECF0) 10%, var(--ds-background-neutral,#DFE1E6) 20%, var(--ds-background-neutral-subtle,#EBECF0) 30% );
  background-repeat: no-repeat;
}

.emotion-2 {
  display: inline-block;
  vertical-align: middle;
  position: relative;
  height: 1rem;
  margin-top: 8px;
  width: 100%;
  border-radius: 2px;
  -webkit-animation-duration: 1.2s;
  animation-duration: 1.2s;
  -webkit-animation-fill-mode: forwards;
  animation-fill-mode: forwards;
  -webkit-animation-iteration-count: infinite;
  animation-iteration-count: infinite;
  -webkit-animation-name: animation-0;
  animation-name: animation-0;
  -webkit-animation-timing-function: linear;
  animation-timing-function: linear;
  background-color: var(--ds-background-neutral,#EBECF0);
  background-image: linear-gradient( to right, var(--ds-background-neutral-subtle,#EBECF0) 10%, var(--ds-background-neutral,#DFE1E6) 20%, var(--ds-background-neutral-subtle,#EBECF0) 30% );
  background-repeat: no-repeat;
}

.emotion-3 {
  display: inline-block;
  vertical-align: middle;
  position: relative;
  height: 1rem;
  margin-top: 16px;
  width: 90%;
  border-radius: 2px;
  -webkit-animation-duration: 1.2s;
  animation-duration: 1.2s;
  -webkit-animation-fill-mode: forwards;
  animation-fill-mode: forwards;
  -webkit-animation-iteration-count: infinite;
  animation-iteration-count: infinite;
  -webkit-animation-name: animation-0;
  animation-name: animation-0;
  -webkit-animation-timing-function: linear;
  animation-timing-function: linear;
  background-color: var(--ds-background-neutral,#EBECF0);
  background-image: linear-gradient( to right, var(--ds-background-neutral-subtle,#EBECF0) 10%, var(--ds-background-neutral,#DFE1E6) 20%, var(--ds-background-neutral-subtle,#EBECF0) 30% );
  background-repeat: no-repeat;
}

.emotion-4 {
  display: inline-block;
  vertical-align: middle;
  position: relative;
  height: 1rem;
  margin-top: 8px;
  width: 90%;
  border-radius: 2px;
  -webkit-animation-duration: 1.2s;
  animation-duration: 1.2s;
  -webkit-animation-fill-mode: forwards;
  animation-fill-mode: forwards;
  -webkit-animation-iteration-count: infinite;
  animation-iteration-count: infinite;
  -webkit-animation-name: animation-0;
  animation-name: animation-0;
  -webkit-animation-timing-function: linear;
  animation-timing-function: linear;
  background-color: var(--ds-background-neutral,#EBECF0);
  background-image: linear-gradient( to right, var(--ds-background-neutral-subtle,#EBECF0) 10%, var(--ds-background-neutral,#DFE1E6) 20%, var(--ds-background-neutral-subtle,#EBECF0) 30% );
  background-repeat: no-repeat;
}

.emotion-5 {
  display: inline-block;
  vertical-align: middle;
  position: relative;
  height: 1rem;
  margin-top: 8px;
  width: 80%;
  border-radius: 2px;
  -webkit-animation-duration: 1.2s;
  animation-duration: 1.2s;
  -webkit-animation-fill-mode: forwards;
  animation-fill-mode: forwards;
  -webkit-animation-iteration-count: infinite;
  animation-iteration-count: infinite;
  -webkit-animation-name: animation-0;
  animation-name: animation-0;
  -webkit-animation-timing-function: linear;
  animation-timing-function: linear;
  background-color: var(--ds-background-neutral,#EBECF0);
  background-image: linear-gradient( to right, var(--ds-background-neutral-subtle,#EBECF0) 10%, var(--ds-background-neutral,#DFE1E6) 20%, var(--ds-background-neutral-subtle,#EBECF0) 30% );
  background-repeat: no-repeat;
}

<div
  aria-label="Loading"
  role="img"
>
  <div
    class="emotion-0"
    style="display: inline-block; vertical-align: middle; position: relative;"
  />
  <div
    class="emotion-1"
    style="margin-left: 8px;"
  />
  <div
    class="emotion-2"
  />
  <div
    class="emotion-3"
  />
  <div
    class="emotion-4"
  />
  <div
    class="emotion-5"
  />
  <div
    class="emotion-5"
  />
</div>
`;
